2026-09-27T03:41:57.739+09:00  INFO 17292 --- [aegisvault] [restartedMain] c.asie.aegisvault.AegisvaultApplication  : Starting AegisvaultApplication using Java 21.0.11 with PID 17292 (C:\dev\AegisvaultProject\backend\bin\main started by seyun in C:\dev\AegisvaultProject)
2026-09-27T03:41:57.746+09:00  INFO 17292 --- [aegisvault] [restartedMain] c.asie.aegisvault.AegisvaultApplication  : No active profile set, falling back to 1 default profile: "default"
2026-09-27T03:41:57.817+09:00  INFO 17292 --- [aegisvault] [restartedMain] .e.DevToolsPropertyDefaultsPostProcessor : Devtools property defaults active! Set 'spring.devtools.add-properties' to 'false' to disable
2026-09-27T03:41:57.817+09:00  INFO 17292 --- [aegisvault] [restartedMain] .e.DevToolsPropertyDefaultsPostProcessor : For additional web related logging consider setting the 'logging.level.web' property to 'DEBUG'
2026-09-27T03:41:58.894+09:00  INFO 17292 --- [aegisvault] [restartedMain] .s.d.r.c.RepositoryConfigurationDelegate : Bootstrapping Spring Data JPA repositories in DEFAULT mode.
2026-09-27T03:41:58.973+09:00  INFO 17292 --- [aegisvault] [restartedMain] .s.d.r.c.RepositoryConfigurationDelegate : Finished Spring Data repository scanning in 67 ms. Found 2 JPA repository interfaces.
2026-09-27T03:42:00.067+09:00  INFO 17292 --- [aegisvault] [restartedMain] o.s.boot.tomcat.TomcatWebServer          : Tomcat initialized with port 8081 (http)
2026-09-27T03:42:00.100+09:00  INFO 17292 --- [aegisvault] [restartedMain] o.apache.catalina.core.StandardService   : Starting service [Tomcat]
2026-09-27T03:42:00.101+09:00  INFO 17292 --- [aegisvault] [restartedMain] o.apache.catalina.core.StandardEngine    : Starting Servlet engine: [Apache Tomcat/11.0.24]
2026-09-27T03:42:00.193+09:00  INFO 17292 --- [aegisvault] [restartedMain] b.w.c.s.WebApplicationContextInitializer : Root WebApplicationContext: initialization completed in 2375 ms
2026-09-27T03:42:00.724+09:00  INFO 17292 --- [aegisvault] [restartedMain] org.hibernate.orm.jpa                    : HHH008540: Processing PersistenceUnitInfo [name: default]
2026-09-27T03:42:00.835+09:00  INFO 17292 --- [aegisvault] [restartedMain] org.hibernate.orm.core                   : HHH000001: Hibernate ORM core version 7.4.5.Final
2026-09-27T03:42:01.756+09:00  INFO 17292 --- [aegisvault] [restartedMain] o.s.o.j.p.SpringPersistenceUnitInfo      : No LoadTimeWeaver setup: ignoring JPA class transformer
2026-09-27T03:42:01.798+09:00  INFO 17292 --- [aegisvault] [restartedMain] com.zaxxer.hikari.HikariDataSource       : HikariPool-1 - Starting...
2026-09-27T03:42:02.061+09:00  INFO 17292 --- [aegisvault] [restartedMain] com.zaxxer.hikari.pool.HikariPool        : HikariPool-1 - Added connection conn0: url=jdbc:h2:file:./data/aegisvault user=SA
2026-09-27T03:42:02.063+09:00  INFO 17292 --- [aegisvault] [restartedMain] com.zaxxer.hikari.HikariDataSource       : HikariPool-1 - Start completed.
2026-09-27T03:42:02.134+09:00  INFO 17292 --- [aegisvault] [restartedMain] org.hibernate.orm.connections.pooling    : HHH10001005: Database info:
	Database JDBC URL [jdbc:h2:file:./data/aegisvault]
	Database driver: H2 JDBC Driver
	Database dialect: H2Dialect
	Database version: 2.4.240
	Default catalog/schema: AEGISVAULT/PUBLIC
	Autocommit mode: undefined/unknown
	Isolation level: READ_COMMITTED [default READ_COMMITTED]
	JDBC fetch size: 100
	Pool: DataSourceConnectionProvider
	Minimum pool size: undefined/unknown
	Maximum pool size: undefined/unknown
2026-09-27T03:42:03.437+09:00  INFO 17292 --- [aegisvault] [restartedMain] org.hibernate.orm.core                   : HHH000489: No JTA platform available (set 'hibernate.transaction.jta.platform' to enable JTA platform integration)
2026-09-27T03:42:03.545+09:00  INFO 17292 --- [aegisvault] [restartedMain] j.LocalContainerEntityManagerFactoryBean : Initialized JPA EntityManagerFactory for persistence unit 'default'
2026-09-27T03:42:03.695+09:00  INFO 17292 --- [aegisvault] [restartedMain] o.s.d.j.r.query.QueryEnhancerFactories   : Hibernate is in classpath; If applicable, HQL parser will be used.
2026-09-27T03:42:04.111+09:00  INFO 17292 --- [aegisvault] [restartedMain] r$InitializeUserDetailsManagerConfigurer : Global AuthenticationManager configured with UserDetailsService bean with name customUserDetailsService
2026-09-27T03:42:05.069+09:00  INFO 17292 --- [aegisvault] [restartedMain] o.s.boot.tomcat.TomcatWebServer          : Tomcat started on port 8081 (http) with context path '/'
2026-09-27T03:42:05.078+09:00  INFO 17292 --- [aegisvault] [restartedMain] c.asie.aegisvault.AegisvaultApplication  : Started AegisvaultApplication in 7.983 seconds (process running for 8.822)
2026-09-27T03:42:05.083+09:00  INFO 17292 --- [aegisvault] [SpringApplicationShutdownHook] o.s.boot.tomcat.GracefulShutdown         : Commencing graceful shutdown. Waiting for active requests to complete
2026-09-27T03:42:05.089+09:00  INFO 17292 --- [aegisvault] [tomcat-shutdown] o.s.boot.tomcat.GracefulShutdown         : Graceful shutdown complete
2026-09-27T03:42:05.097+09:00  INFO 17292 --- [aegisvault] [SpringApplicationShutdownHook] j.LocalContainerEntityManagerFactoryBean : Closing JPA EntityManagerFactory for persistence unit 'default'
2026-09-27T03:42:05.102+09:00  INFO 17292 --- [aegisvault] [SpringApplicationShutdownHook] com.zaxxer.hikari.HikariDataSource       : HikariPool-1 - Shutdown initiated...
2026-09-27T03:42:05.112+09:00  INFO 17292 --- [aegisvault] [SpringApplicationShutdownHook] com.zaxxer.hikari.HikariDataSource       : HikariPool-1 - Shutdown completed.
